#-----------------------------------------------------------
# Vivado v2024.1 (64-bit)
# SW Build 5076996 on Wed May 22 18:37:14 MDT 2024
# IP Build 5075265 on Wed May 22 21:45:21 MDT 2024
# SharedData Build 5076995 on Wed May 22 18:29:18 MDT 2024
# Start of session at: Sat Dec  6 03:43:42 2025
# Process ID: 5256
# Current directory: C:/Users/joshu/Desktop/exercise_5/vending_machine_system/vending_machine_system.runs/design_1_pulse_generator_0_2_synth_1
# Command line: vivado.exe -log design_1_pulse_generator_0_2.vds -product Vivado -mode batch -messageDb vivado.pb -notrace -source design_1_pulse_generator_0_2.tcl
# Log file: C:/Users/joshu/Desktop/exercise_5/vending_machine_system/vending_machine_system.runs/design_1_pulse_generator_0_2_synth_1/design_1_pulse_generator_0_2.vds
# Journal file: C:/Users/joshu/Desktop/exercise_5/vending_machine_system/vending_machine_system.runs/design_1_pulse_generator_0_2_synth_1\vivado.jou
# Running On        :LAPTOP-TSMU9UUL
# Platform          :Windows Server 2016 or Windows 10
# Operating System  :26200
# Processor Detail  :11th Gen Intel(R) Core(TM) i7-1165G7 @ 2.80GHz
# CPU Frequency     :2803 MHz
# CPU Physical cores:4
# CPU Logical cores :8
# Host memory       :16856 MB
# Swap memory       :40802 MB
# Total Virtual     :57658 MB
# Available Virtual :21480 MB
#-----------------------------------------------------------
source design_1_pulse_generator_0_2.tcl -notrace
