

================================================================
== Vitis HLS Report for 'debouncer'
================================================================
* Date:           Mon Dec  8 18:14:11 2025

* Version:        2024.1 (Build 5069499 on May 21 2024)
* Project:        debouncer
* Solution:       solution1 (Vivado IP Flow Target)
* Product family: zynq
* Target device:  xc7z020-clg484-1


================================================================
== Performance Estimates
================================================================
+ Timing: 
    * Summary: 
    +--------+----------+----------+------------+
    |  Clock |  Target  | Estimated| Uncertainty|
    +--------+----------+----------+------------+
    |ap_clk  |  10.00 ns|  8.340 ns|     0.50 ns|
    +--------+----------+----------+------------+

+ Latency: 
    * Summary: 
    +---------+---------+----------+----------+-----+-----+---------+
    |  Latency (cycles) |  Latency (absolute) |  Interval | Pipeline|
    |   min   |   max   |    min   |    max   | min | max |   Type  |
    +---------+---------+----------+----------+-----+-----+---------+
    |        0|        0|      0 ns|      0 ns|    1|    1|       no|
    +---------+---------+----------+----------+-----+-----+---------+

    + Detail: 
        * Instance: 
        N/A

        * Loop: 
        N/A



================================================================
== Utilization Estimates
================================================================
* Summary: 
+-----------------+---------+-----+--------+-------+-----+
|       Name      | BRAM_18K| DSP |   FF   |  LUT  | URAM|
+-----------------+---------+-----+--------+-------+-----+
|DSP              |        -|    -|       -|      -|    -|
|Expression       |        -|    -|       0|    122|    -|
|FIFO             |        -|    -|       -|      -|    -|
|Instance         |        -|    -|       -|      -|    -|
|Memory           |        -|    -|       -|      -|    -|
|Multiplexer      |        -|    -|       0|     68|    -|
|Register         |        -|    -|      34|      -|    -|
+-----------------+---------+-----+--------+-------+-----+
|Total            |        0|    0|      34|    190|    0|
+-----------------+---------+-----+--------+-------+-----+
|Available        |      280|  220|  106400|  53200|    0|
+-----------------+---------+-----+--------+-------+-----+
|Utilization (%)  |        0|    0|      ~0|     ~0|    0|
+-----------------+---------+-----+--------+-------+-----+

+ Detail: 
    * Instance: 
    N/A

    * DSP: 
    N/A

    * Memory: 
    N/A

    * FIFO: 
    N/A

    * Expression: 
    +---------------------+----------+----+---+----+------------+------------+
    |    Variable Name    | Operation| DSP| FF| LUT| Bitwidth P0| Bitwidth P1|
    +---------------------+----------+----+---+----+------------+------------+
    |add_ln46_fu_97_p2    |         +|   0|  0|  38|          31|           2|
    |ap_condition_34      |       and|   0|  0|   2|           1|           1|
    |ap_condition_47      |       and|   0|  0|   2|           1|           1|
    |ap_condition_56      |       and|   0|  0|   2|           1|           1|
    |ap_condition_63      |       and|   0|  0|   2|           1|           1|
    |icmp_ln45_fu_91_p2   |      icmp|   0|  0|  38|          31|           1|
    |icmp_ln48_fu_110_p2  |      icmp|   0|  0|  38|          31|           1|
    +---------------------+----------+----+---+----+------------+------------+
    |Total                |          |   0|  0| 122|          97|           8|
    +---------------------+----------+----+---+----+------------+------------+

    * Multiplexer: 
    +-------------------------------+----+-----------+-----+-----------+
    |              Name             | LUT| Input Size| Bits| Total Bits|
    +-------------------------------+----+-----------+-----+-----------+
    |ap_phi_mux_empty_phi_fu_64_p4  |  14|          3|   31|         93|
    |btn_out                        |  14|          3|    1|          3|
    |counter                        |  20|          4|   31|        124|
    |state                          |  20|          4|    2|          8|
    +-------------------------------+----+-----------+-----+-----------+
    |Total                          |  68|         14|   65|        228|
    +-------------------------------+----+-----------+-----+-----------+

    * Register: 
    +-----------+----+----+-----+-----------+
    |    Name   | FF | LUT| Bits| Const Bits|
    +-----------+----+----+-----+-----------+
    |ap_CS_fsm  |   1|   0|    1|          0|
    |counter    |  31|   0|   31|          0|
    |state      |   2|   0|    2|          0|
    +-----------+----+----+-----+-----------+
    |Total      |  34|   0|   34|          0|
    +-----------+----+----+-----+-----------+



================================================================
== Interface
================================================================
* Summary: 
+----------+-----+-----+--------------+--------------+--------------+
| RTL Ports| Dir | Bits|   Protocol   | Source Object|    C Type    |
+----------+-----+-----+--------------+--------------+--------------+
|ap_clk    |   in|    1|  ap_ctrl_none|     debouncer|  return value|
|ap_rst    |   in|    1|  ap_ctrl_none|     debouncer|  return value|
|btn_in    |   in|    1|       ap_none|        btn_in|        scalar|
|btn_out   |  out|    1|       ap_none|       btn_out|       pointer|
+----------+-----+-----+--------------+--------------+--------------+

